nohup: ignoring input

==============================================================================
  snapshot_0902 - 4041 points, 7 channels
==============================================================================
INFO:p-166352:t-140733189294048:get_model.py:get_model:Loading model from: ibm-granite/granite-timeseries-ttm-r2
INFO:p-166352:t-140733189294048:get_model.py:get_model:Model path type is 2
WARNING:p-166352:t-140733189294048:get_model.py:get_model:Requested `prediction_length` (36) is not exactly equal to any of the available TTM prediction lengths. Hence, TTM will forecast using the `prediction_filter_length` argument to provide the requested prediction length. Check the model card to know more about the supported context lengths and forecast/prediction lengths.
INFO:p-166352:t-140733189294048:get_model.py:get_model:Attempting model load from ibm-granite/granite-timeseries-ttm-r2, revision = 512-48-ft-r2.1.
Warning: You are sending unauthenticated requests to the HF Hub. Please set a HF_TOKEN to enable higher rate limits and faster downloads.
WARNING:p-166352:t-140733189294048:_http.py:_warn_on_warning_headers:Warning: You are sending unauthenticated requests to the HF Hub. Please set a HF_TOKEN to enable higher rate limits and faster downloads.
[transformers] The following layers were not sharded: decoder.decoder_block.mixers.*.patch_mixer.norm.norm.weight, head.base_forecast_block.bias, backbone.encoder.mlp_mixer_encoder.mixers.*.mixer_layers.*.feature_mixer.mlp.fc1.weight, backbone.encoder.mlp_mixer_encoder.mixers.*.mixer_layers.*.patch_mixer.norm.norm.weight, backbone.encoder.mlp_mixer_encoder.mixers.*.mixer_layers.*.feature_mixer.mlp.fc2.weight, backbone.encoder.freq_mod.*.bias, decoder.adapter.weight, decoder.adapter.bias, backbone.encoder.mlp_mixer_encoder.mixers.*.mixer_layers.*.patch_mixer.mlp.fc2.weight, decoder.decoder_block.mixers.*.feature_mixer.mlp.fc2.weight, decoder.decoder_block.mixers.*.feature_mixer.norm.norm.weight, head.base_forecast_block.weight, backbone.encoder.mlp_mixer_encoder.mixers.*.mixer_layers.*.patch_mixer.mlp.fc1.bias, decoder.decoder_block.mixers.*.feature_mixer.norm.norm.bias, decoder.decoder_block.mixers.*.patch_mixer.gating_block.attn_layer.bias, backbone.encoder.patcher.weight, backbone.encoder.mlp_mixer_encoder.mixers.*.mixer_layers.*.feature_mixer.gating_block.attn_layer.weight, decoder.decoder_block.mixers.*.patch_mixer.mlp.fc1.bias, backbone.encoder.patcher.bias, backbone.encoder.freq_mod.*.weight, decoder.decoder_block.mixers.*.feature_mixer.gating_block.attn_layer.weight, backbone.encoder.mlp_mixer_encoder.mixers.*.mixer_layers.*.feature_mixer.norm.norm.bias, backbone.encoder.mlp_mixer_encoder.mixers.*.mixer_layers.*.patch_mixer.gating_block.attn_layer.weight, decoder.decoder_block.mixers.*.feature_mixer.mlp.fc1.bias, backbone.encoder.mlp_mixer_encoder.mixers.*.mixer_layers.*.feature_mixer.mlp.fc2.bias, decoder.decoder_block.mixers.*.patch_mixer.gating_block.attn_layer.weight, decoder.decoder_block.mixers.*.patch_mixer.norm.norm.bias, decoder.decoder_block.mixers.*.feature_mixer.gating_block.attn_layer.bias, decoder.decoder_block.mixers.*.feature_mixer.mlp.fc1.weight, backbone.encoder.mlp_mixer_encoder.mixers.*.mixer_layers.*.patch_mixer.mlp.fc1.weight, backbone.encoder.mlp_mixer_encoder.mixers.*.mixer_layers.*.patch_mixer.norm.norm.bias, backbone.encoder.mlp_mixer_encoder.mixers.*.mixer_layers.*.patch_mixer.mlp.fc2.bias, decoder.decoder_block.mixers.*.feature_mixer.mlp.fc2.bias, backbone.encoder.mlp_mixer_encoder.mixers.*.mixer_layers.*.feature_mixer.mlp.fc1.bias, decoder.decoder_block.mixers.*.patch_mixer.mlp.fc1.weight, backbone.encoder.mlp_mixer_encoder.mixers.*.mixer_layers.*.feature_mixer.norm.norm.weight, backbone.encoder.mlp_mixer_encoder.mixers.*.mixer_layers.*.patch_mixer.gating_block.attn_layer.bias, decoder.decoder_block.mixers.*.patch_mixer.mlp.fc2.weight, decoder.decoder_block.mixers.*.patch_mixer.mlp.fc2.bias, backbone.encoder.mlp_mixer_encoder.mixers.*.mixer_layers.*.feature_mixer.gating_block.attn_layer.bias
Loading weights:   0%|          | 0/139 [00:00<?, ?it/s]Loading weights: 100%|██████████| 139/139 [00:00<00:00, 6589.00it/s]
INFO:p-166352:t-140733189294048:get_model.py:get_model:Model loaded successfully from ibm-granite/granite-timeseries-ttm-r2, revision = 512-48-ft-r2.1.
INFO:p-166352:t-140733189294048:get_model.py:get_model:[TTM] context_length = 512, prediction_length = 48
[transformers] The following layers were not sharded: encoder.block.*.layer.*.DenseReluDense.wo.weight, input_patch_embedding.residual_layer.weight, decoder.block.*.layer.*.SelfAttention.k.weight, output_patch_embedding.output_layer.weight, encoder.block.*.layer.*.DenseReluDense.wi.weight, decoder.block.*.layer.*.SelfAttention.q.weight, decoder.block.*.layer.*.EncDecAttention.q.weight, shared.weight, decoder.block.*.layer.*.DenseReluDense.wi.weight, input_patch_embedding.residual_layer.bias, decoder.block.*.layer.*.SelfAttention.o.weight, decoder.final_layer_norm.weight, decoder.block.*.layer.*.EncDecAttention.k.weight, encoder.block.*.layer.*.layer_norm.weight, encoder.final_layer_norm.weight, input_patch_embedding.output_layer.weight, decoder.embed_tokens.weight, encoder.embed_tokens.weight, decoder.block.*.layer.*.SelfAttention.relative_attention_bias.weight, encoder.block.*.layer.*.SelfAttention.v.weight, decoder.block.*.layer.*.DenseReluDense.wo.weight, output_patch_embedding.output_layer.bias, encoder.block.*.layer.*.SelfAttention.q.weight, input_patch_embedding.output_layer.bias, encoder.block.*.layer.*.SelfAttention.relative_attention_bias.weight, decoder.block.*.layer.*.EncDecAttention.o.weight, output_patch_embedding.hidden_layer.weight, encoder.block.*.layer.*.SelfAttention.o.weight, decoder.block.*.layer.*.EncDecAttention.v.weight, output_patch_embedding.residual_layer.weight, encoder.block.*.layer.*.SelfAttention.k.weight, decoder.block.*.layer.*.layer_norm.weight, output_patch_embedding.residual_layer.bias, decoder.block.*.layer.*.SelfAttention.v.weight, input_patch_embedding.hidden_layer.bias, output_patch_embedding.hidden_layer.bias, input_patch_embedding.hidden_layer.weight
Loading weights:   0%|          | 0/101 [00:00<?, ?it/s]Loading weights: 100%|██████████| 101/101 [00:00<00:00, 6396.94it/s]
[transformers] The following layers were not sharded: encoder.block.*.layer.*.DenseReluDense.wo.weight, input_patch_embedding.residual_layer.weight, decoder.block.*.layer.*.SelfAttention.k.weight, output_patch_embedding.output_layer.weight, encoder.block.*.layer.*.DenseReluDense.wi.weight, decoder.block.*.layer.*.SelfAttention.q.weight, decoder.block.*.layer.*.EncDecAttention.q.weight, shared.weight, decoder.block.*.layer.*.DenseReluDense.wi.weight, input_patch_embedding.residual_layer.bias, decoder.block.*.layer.*.SelfAttention.o.weight, decoder.final_layer_norm.weight, decoder.block.*.layer.*.EncDecAttention.k.weight, encoder.block.*.layer.*.layer_norm.weight, encoder.final_layer_norm.weight, input_patch_embedding.output_layer.weight, decoder.embed_tokens.weight, encoder.embed_tokens.weight, decoder.block.*.layer.*.SelfAttention.relative_attention_bias.weight, encoder.block.*.layer.*.SelfAttention.v.weight, decoder.block.*.layer.*.DenseReluDense.wo.weight, output_patch_embedding.output_layer.bias, encoder.block.*.layer.*.SelfAttention.q.weight, input_patch_embedding.output_layer.bias, encoder.block.*.layer.*.SelfAttention.relative_attention_bias.weight, decoder.block.*.layer.*.EncDecAttention.o.weight, output_patch_embedding.hidden_layer.weight, encoder.block.*.layer.*.SelfAttention.o.weight, decoder.block.*.layer.*.EncDecAttention.v.weight, output_patch_embedding.residual_layer.weight, encoder.block.*.layer.*.SelfAttention.k.weight, decoder.block.*.layer.*.layer_norm.weight, output_patch_embedding.residual_layer.bias, decoder.block.*.layer.*.SelfAttention.v.weight, input_patch_embedding.hidden_layer.bias, output_patch_embedding.hidden_layer.bias, input_patch_embedding.hidden_layer.weight
Loading weights:   0%|          | 0/143 [00:00<?, ?it/s]Loading weights:  27%|██▋       | 38/143 [00:00<00:00, 348.86it/s]Loading weights:  58%|█████▊    | 83/143 [00:00<00:00, 398.90it/s]Loading weights:  87%|████████▋ | 125/143 [00:00<00:00, 405.77it/s]Loading weights: 100%|██████████| 143/143 [00:00<00:00, 454.65it/s]

snapshot_0902 / air_temp
------------------------------------------------------------------------------
evaluation level: 24.74 (above, frozen)
                              mae   rmse       ms  windows  skill  events  recall  precision  false_alarm  cross_err_min
model                                                                                                                   
chronos:chronos-bolt-small  0.243  0.289  120.636      310  0.248     9.0   0.111      0.500        0.003           20.0
chronos:chronos-bolt-tiny   0.252  0.298   34.667      310  0.221     9.0   0.000        NaN        0.000            NaN
ttm                         0.287  0.340   10.533      310  0.113     9.0   0.000        NaN        0.000            NaN
persistence                 0.324  0.379    0.015      310  0.000     9.0   0.000        NaN        0.000            NaN
seasonal_naive(288)         1.068  1.098    0.017      310 -2.300     9.0   0.333      0.083        0.115           40.0

snapshot_0902 / air_humidity
------------------------------------------------------------------------------
evaluation level: 62.46 (above, frozen)
                              mae   rmse       ms  windows  skill  events  recall  precision  false_alarm  cross_err_min
model                                                                                                                   
persistence                 1.695  1.986    0.014      310  0.000    40.0   0.000        NaN        0.000            NaN
chronos:chronos-bolt-tiny   1.763  2.054   33.879      310 -0.040    40.0   0.200      0.615        0.029         68.750
ttm                         1.775  2.055   10.130      310 -0.047    40.0   0.150      0.545        0.029         20.833
chronos:chronos-bolt-small  1.786  2.084  118.458      310 -0.054    40.0   0.225      0.692        0.023         47.222
seasonal_naive(288)         6.471  6.713    0.017      310 -2.818    40.0   0.525      0.284        0.308         61.190

snapshot_0902 / par
------------------------------------------------------------------------------
                              mae   rmse       ms  windows  skill
model                                                            
chronos:chronos-bolt-small  0.220  0.271  118.478      310  0.306
chronos:chronos-bolt-tiny   0.226  0.276   33.507      310  0.290
persistence                 0.318  0.377    0.014      310  0.000
ttm                         0.325  0.383   10.093      310 -0.023
seasonal_naive(288)         0.327  0.397    0.018      310 -0.030

snapshot_0902 / co2
------------------------------------------------------------------------------
                               mae    rmse       ms  windows  skill
model                                                              
persistence                 26.054  30.799    0.013      310  0.000
ttm                         26.279  30.437    9.935      310 -0.009
chronos:chronos-bolt-small  29.053  34.328  116.514      310 -0.115
chronos:chronos-bolt-tiny   29.359  34.720   33.079      310 -0.127
seasonal_naive(288)         54.531  61.212    0.017      310 -1.093
[transformers] The following layers were not sharded: encoder.block.*.layer.*.DenseReluDense.wo.weight, input_patch_embedding.residual_layer.weight, decoder.block.*.layer.*.SelfAttention.k.weight, output_patch_embedding.output_layer.weight, encoder.block.*.layer.*.DenseReluDense.wi.weight, decoder.block.*.layer.*.SelfAttention.q.weight, decoder.block.*.layer.*.EncDecAttention.q.weight, shared.weight, decoder.block.*.layer.*.DenseReluDense.wi.weight, input_patch_embedding.residual_layer.bias, decoder.block.*.layer.*.SelfAttention.o.weight, decoder.final_layer_norm.weight, decoder.block.*.layer.*.EncDecAttention.k.weight, encoder.block.*.layer.*.layer_norm.weight, encoder.final_layer_norm.weight, input_patch_embedding.output_layer.weight, decoder.embed_tokens.weight, encoder.embed_tokens.weight, decoder.block.*.layer.*.SelfAttention.relative_attention_bias.weight, encoder.block.*.layer.*.SelfAttention.v.weight, decoder.block.*.layer.*.DenseReluDense.wo.weight, output_patch_embedding.output_layer.bias, encoder.block.*.layer.*.SelfAttention.q.weight, input_patch_embedding.output_layer.bias, encoder.block.*.layer.*.SelfAttention.relative_attention_bias.weight, decoder.block.*.layer.*.EncDecAttention.o.weight, output_patch_embedding.hidden_layer.weight, encoder.block.*.layer.*.SelfAttention.o.weight, decoder.block.*.layer.*.EncDecAttention.v.weight, output_patch_embedding.residual_layer.weight, encoder.block.*.layer.*.SelfAttention.k.weight, decoder.block.*.layer.*.layer_norm.weight, output_patch_embedding.residual_layer.bias, decoder.block.*.layer.*.SelfAttention.v.weight, input_patch_embedding.hidden_layer.bias, output_patch_embedding.hidden_layer.bias, input_patch_embedding.hidden_layer.weight
Loading weights:   0%|          | 0/101 [00:00<?, ?it/s]Loading weights: 100%|██████████| 101/101 [00:00<00:00, 6727.62it/s]

snapshot_0902 / soil_vwc
------------------------------------------------------------------------------
evaluation level: 46.15 (below, frozen)
                                                          mae   rmse       ms  windows   skill  events  recall  precision  false_alarm  cross_err_min
model                                                                                                                                                
ensemble(driven_drying(vpd)+chronos:chronos-bolt-tiny)  0.516  0.630   34.046      310   0.223     9.0   1.000      0.900        0.005         28.889
driven_drying(vpd)                                      0.516  0.636    0.230      310   0.222     9.0   0.889      0.800        0.009         13.125
chronos:chronos-bolt-small                              0.564  0.681  118.557      310   0.150     9.0   0.889      0.889        0.005         31.250
chronos:chronos-bolt-tiny                               0.565  0.680   33.879      310   0.149     9.0   0.889      0.889        0.005         42.500
persistence                                             0.663  0.805    0.012      310   0.000     9.0   0.000        NaN        0.000            NaN
driven_drying(vpd+par)                                  0.754  0.909    0.126      310  -0.137     9.0   1.000      0.818        0.009         19.444
ttm                                                     0.881  1.043   10.388      310  -0.328     9.0   0.333      1.000        0.000         26.667
seasonal_naive(288)                                     7.524  7.595    0.018      310 -10.342     9.0   0.000      0.000        0.149            NaN

snapshot_0902 / soil_temp
------------------------------------------------------------------------------
evaluation level: 18.20 (below, frozen)
                              mae   rmse       ms  windows  skill  events  recall  precision  false_alarm  cross_err_min
model                                                                                                                   
chronos:chronos-bolt-small  0.131  0.154  116.422      310  0.233     6.0   0.500      1.000        0.000         23.333
chronos:chronos-bolt-tiny   0.137  0.162   32.731      310  0.200     6.0   0.500      0.600        0.007         13.333
ttm                         0.162  0.188   10.066      310  0.050     6.0   0.167      0.500        0.004         20.000
persistence                 0.171  0.200    0.014      310  0.000     6.0   0.000        NaN        0.000            NaN
seasonal_naive(288)         1.063  1.072    0.017      310 -5.231     6.0   0.167      0.056        0.061        115.000

snapshot_0902 / ec
------------------------------------------------------------------------------
evaluation level: 0.23 (above, frozen)
                              mae   rmse       ms  windows  skill  events  recall  precision  false_alarm  cross_err_min
model                                                                                                                   
persistence                 0.002  0.002    0.014      310  0.000     3.0     0.0        NaN        0.000            NaN
chronos:chronos-bolt-tiny   0.002  0.002   32.849      310 -0.066     3.0     0.0        NaN        0.000            NaN
chronos:chronos-bolt-small  0.002  0.002  116.079      310 -0.081     3.0     0.0        NaN        0.000            NaN
ttm                         0.002  0.002    9.862      310 -0.220     3.0     0.0        NaN        0.000            NaN
seasonal_naive(288)         0.016  0.016    0.017      310 -8.877     3.0     0.0        0.0        0.082            NaN

==============================================================================
  mugrow - 19401 points, 7 channels
==============================================================================

mugrow / air_temp
------------------------------------------------------------------------------
evaluation level: 24.30 (above, p85)
                              mae   rmse       ms  windows  skill  events  recall  precision  false_alarm  cross_err_min
model                                                                                                                   
chronos:chronos-bolt-small  0.694  0.815  115.686     1590  0.290   188.0   0.431      0.835        0.014         22.716
chronos:chronos-bolt-tiny   0.734  0.861   32.857     1590  0.249   188.0   0.378      0.835        0.012         26.479
ttm                         0.941  1.098    9.856     1590  0.037   188.0   0.106      0.606        0.011         41.750
persistence                 0.977  1.144    0.013     1590  0.000   188.0   0.000        NaN        0.000            NaN
seasonal_naive(288)         1.337  1.434    0.016     1590 -0.368   188.0   0.755      0.559        0.095         33.803

mugrow / air_humidity
------------------------------------------------------------------------------
evaluation level: 84.90 (above, p85)
                              mae   rmse       ms  windows  skill  events  recall  precision  false_alarm  cross_err_min
model                                                                                                                   
chronos:chronos-bolt-small  3.128  3.678  117.026     1590  0.117   203.0   0.266      0.771        0.014         29.352
chronos:chronos-bolt-tiny   3.185  3.744   33.125     1590  0.100   203.0   0.276      0.812        0.011         29.464
ttm                         3.367  3.943    9.996     1590  0.049   203.0   0.113      0.742        0.007         38.478
persistence                 3.541  4.156    0.014     1590  0.000   203.0   0.000        NaN        0.000            NaN
seasonal_naive(288)         4.552  5.063    0.017     1590 -0.285   203.0   0.606      0.468        0.122         41.667

mugrow / par
------------------------------------------------------------------------------
                               mae    rmse       ms  windows  skill
model                                                              
seasonal_naive(288)         33.737  45.024    0.017     1590  0.424
chronos:chronos-bolt-tiny   51.497  62.698   32.713     1590  0.121
chronos:chronos-bolt-small  51.968  64.055  115.796     1590  0.113
persistence                 58.612  73.105    0.014     1590  0.000
ttm                         59.384  72.856    9.947     1590 -0.013

mugrow / co2
------------------------------------------------------------------------------
                               mae    rmse       ms  windows  skill
model                                                              
chronos:chronos-bolt-small  37.473  46.229  115.193     1590  0.152
chronos:chronos-bolt-tiny   38.840  47.571   32.509     1590  0.121
ttm                         41.579  50.076    9.913     1590  0.059
persistence                 44.207  53.235    0.014     1590  0.000
seasonal_naive(288)         49.675  59.968    0.017     1590 -0.124

mugrow / soil_fc
------------------------------------------------------------------------------
evaluation level: 78.96 (below, p15)
                                                          mae   rmse       ms  windows  skill  events  recall  precision  false_alarm  cross_err_min
model                                                                                                                                               
chronos:chronos-bolt-tiny                               0.859  1.039   32.967     1590  0.251   100.0    0.61      0.792        0.013         33.443
chronos:chronos-bolt-small                              0.875  1.054  114.944     1590  0.237   100.0    0.58      0.892        0.006         25.431
ensemble(driven_drying(vpd)+chronos:chronos-bolt-tiny)  0.893  1.076   32.621     1590  0.221   100.0    0.44      0.936        0.002         28.182
driven_drying(vpd)                                      1.015  1.205    0.218     1590  0.115   100.0    0.26      0.788        0.006         25.769
ttm                                                     1.059  1.258    9.790     1590  0.076   100.0    0.32      0.941        0.002         31.562
driven_drying(vpd+par)                                  1.095  1.299    0.114     1590  0.045   100.0    0.16      0.889        0.002         29.062
persistence                                             1.147  1.354    0.011     1590  0.000   100.0    0.00        NaN        0.000            NaN
seasonal_naive(288)                                     1.945  2.029    0.017     1590 -0.696   100.0    0.59      0.396        0.072         62.119

mugrow / soil_temp
------------------------------------------------------------------------------
evaluation level: 18.70 (below, p15)
                              mae   rmse       ms  windows  skill  events  recall  precision  false_alarm  cross_err_min
model                                                                                                                   
chronos:chronos-bolt-small  0.305  0.369  115.446     1590  0.478   100.0    0.54      0.600        0.029         16.667
chronos:chronos-bolt-tiny   0.318  0.383   32.791     1590  0.456   100.0    0.55      0.598        0.030         16.455
ttm                         0.512  0.599    9.988     1590  0.123   100.0    0.05      0.833        0.001         52.000
persistence                 0.584  0.676    0.014     1590  0.000   100.0    0.00        NaN        0.000            NaN
seasonal_naive(288)         1.036  1.067    0.017     1590 -0.774   100.0    0.40      0.191        0.136         61.125

mugrow / ec
------------------------------------------------------------------------------
evaluation level: 3.52 (above, p85)
                              mae   rmse       ms  windows  skill  events  recall  precision  false_alarm  cross_err_min
model                                                                                                                   
chronos:chronos-bolt-tiny   0.015  0.021   32.715     1590  0.022   114.0   0.079      0.900        0.001          6.111
chronos:chronos-bolt-small  0.015  0.021  115.759     1590  0.020   114.0   0.070      0.800        0.002         29.375
persistence                 0.015  0.022    0.014     1590  0.000   114.0   0.000        NaN        0.000            NaN
ttm                         0.015  0.022   10.120     1590 -0.016   114.0   0.105      0.857        0.002         21.250
seasonal_naive(288)         0.067  0.073    0.017     1590 -3.428   114.0   0.395      0.372        0.060         46.778

==============================================================================
  agrifusion - 21941 points, 7 channels
==============================================================================

agrifusion / air_temp
------------------------------------------------------------------------------
evaluation level: 22.80 (above, p85)
                              mae   rmse       ms  windows  skill  events  recall  precision  false_alarm  cross_err_min
model                                                                                                                   
chronos:chronos-bolt-small  0.528  0.619  115.698     1802  0.332   227.0   0.374      0.802        0.016         27.059
chronos:chronos-bolt-tiny   0.577  0.677   32.742     1802  0.270   227.0   0.304      0.821        0.011         25.145
ttm                         0.750  0.874    9.843     1802  0.052   227.0   0.123      0.875        0.003         29.286
seasonal_naive(288)         0.762  0.846    0.016     1802  0.037   227.0   0.705      0.542        0.102         30.719
persistence                 0.791  0.927    0.013     1802  0.000   227.0   0.000        NaN        0.000            NaN

agrifusion / air_humidity
------------------------------------------------------------------------------
evaluation level: 91.00 (above, p85)
                              mae   rmse       ms  windows  skill  events  recall  precision  false_alarm  cross_err_min
model                                                                                                                   
chronos:chronos-bolt-small  2.512  2.968  116.067     1802  0.098   230.0   0.183      0.689        0.015         35.119
chronos:chronos-bolt-tiny   2.566  3.025   32.851     1802  0.078   230.0   0.213      0.710        0.015         31.020
ttm                         2.702  3.171    9.856     1802  0.029   230.0   0.126      0.707        0.009         54.138
persistence                 2.784  3.282    0.013     1802  0.000   230.0   0.000        NaN        0.000            NaN
seasonal_naive(288)         3.473  3.883    0.016     1802 -0.248   230.0   0.491      0.360        0.154         59.071

agrifusion / par
------------------------------------------------------------------------------
                               mae    rmse       ms  windows  skill
model                                                              
seasonal_naive(288)         31.223  43.773    0.017     1802  0.400
chronos:chronos-bolt-small  43.767  55.129  114.852     1802  0.159
chronos:chronos-bolt-tiny   44.314  55.382   32.788     1802  0.149
persistence                 52.053  64.483    0.014     1802  0.000
ttm                         54.577  65.999    9.809     1802 -0.048

agrifusion / co2
------------------------------------------------------------------------------
                               mae    rmse       ms  windows  skill
model                                                              
seasonal_naive(288)         46.135  55.646    0.017     1802  0.269
chronos:chronos-bolt-small  52.078  63.806  115.284     1802  0.175
chronos:chronos-bolt-tiny   55.599  67.436   32.705     1802  0.119
ttm                         59.604  71.895    9.800     1802  0.055
persistence                 63.093  75.892    0.014     1802  0.000

agrifusion / soil_fc
------------------------------------------------------------------------------
evaluation level: 82.04 (below, p15)
                                                          mae   rmse       ms  windows  skill  events  recall  precision  false_alarm  cross_err_min
model                                                                                                                                               
ensemble(driven_drying(vpd)+chronos:chronos-bolt-tiny)  0.949  1.122   32.748     1802  0.045   108.0   0.324      0.921        0.002         39.571
ttm                                                     0.953  1.115    9.943     1802  0.042   108.0   0.352      0.864        0.004         27.763
chronos:chronos-bolt-tiny                               0.956  1.133   33.105     1802  0.038   108.0   0.426      0.821        0.007         31.087
chronos:chronos-bolt-small                              0.966  1.149  115.687     1802  0.028   108.0   0.500      0.771        0.011         31.574
driven_drying(vpd+par)                                  0.976  1.157    0.116     1802  0.018   108.0   0.333      0.818        0.006         53.194
driven_drying(vpd)                                      0.992  1.172    0.221     1802  0.002   108.0   0.157      0.810        0.003         31.176
persistence                                             0.994  1.171    0.011     1802  0.000   108.0   0.000        NaN        0.000            NaN
seasonal_naive(288)                                     1.425  1.573    0.017     1802 -0.434   108.0   0.806      0.669        0.030         54.195

agrifusion / soil_temp
------------------------------------------------------------------------------
evaluation level: 18.38 (below, p15)
                              mae   rmse       ms  windows  skill  events  recall  precision  false_alarm  cross_err_min
model                                                                                                                   
chronos:chronos-bolt-small  0.295  0.352  116.515     1802  0.505   141.0   0.688      0.693        0.031         18.608
chronos:chronos-bolt-tiny   0.309  0.369   33.101     1802  0.482   141.0   0.723      0.729        0.027         16.324
ttm                         0.492  0.577    9.940     1802  0.174   141.0   0.057      1.000        0.000         21.250
persistence                 0.596  0.690    0.014     1802  0.000   141.0   0.000        NaN        0.000            NaN
seasonal_naive(288)         0.707  0.735    0.017     1802 -0.186   141.0   0.660      0.525        0.060         39.892

agrifusion / ec
------------------------------------------------------------------------------
evaluation level: 3.14 (above, p85)
                              mae   rmse       ms  windows  skill  events  recall  precision  false_alarm  cross_err_min
model                                                                                                                   
chronos:chronos-bolt-tiny   0.033  0.041   32.723     1802  0.035    92.0   0.163      0.750        0.003         28.000
chronos:chronos-bolt-small  0.033  0.041  116.443     1802  0.027    92.0   0.163      0.789        0.003         25.000
ttm                         0.034  0.042    9.930     1802  0.016    92.0   0.098      0.900        0.001         76.111
persistence                 0.034  0.042    0.014     1802  0.000    92.0   0.000        NaN        0.000            NaN
seasonal_naive(288)         0.068  0.076    0.016     1802 -0.998    92.0   0.446      0.390        0.044         33.171

written: results/benchmark_snapshot_0902_mugrow_agrifusion.csv
