nohup: ignoring input

==============================================================================
  snapshot_0909 - 6020 points, 7 channels
==============================================================================
INFO:p-283776:t-140732740765664:get_model.py:get_model:Loading model from: ibm-granite/granite-timeseries-ttm-r2
INFO:p-283776:t-140732740765664:get_model.py:get_model:Model path type is 2
WARNING:p-283776:t-140732740765664:get_model.py:get_model:Requested `prediction_length` (36) is not exactly equal to any of the available TTM prediction lengths. Hence, TTM will forecast using the `prediction_filter_length` argument to provide the requested prediction length. Check the model card to know more about the supported context lengths and forecast/prediction lengths.
INFO:p-283776:t-140732740765664:get_model.py:get_model:Attempting model load from ibm-granite/granite-timeseries-ttm-r2, revision = 512-48-ft-r2.1.
Warning: You are sending unauthenticated requests to the HF Hub. Please set a HF_TOKEN to enable higher rate limits and faster downloads.
WARNING:p-283776:t-140732740765664:_http.py:_warn_on_warning_headers:Warning: You are sending unauthenticated requests to the HF Hub. Please set a HF_TOKEN to enable higher rate limits and faster downloads.
[transformers] The following layers were not sharded: backbone.encoder.mlp_mixer_encoder.mixers.*.mixer_layers.*.patch_mixer.gating_block.attn_layer.bias, decoder.decoder_block.mixers.*.patch_mixer.mlp.fc1.bias, backbone.encoder.patcher.weight, backbone.encoder.mlp_mixer_encoder.mixers.*.mixer_layers.*.patch_mixer.mlp.fc1.weight, backbone.encoder.mlp_mixer_encoder.mixers.*.mixer_layers.*.feature_mixer.mlp.fc2.bias, decoder.adapter.weight, decoder.decoder_block.mixers.*.patch_mixer.norm.norm.bias, head.base_forecast_block.bias, backbone.encoder.mlp_mixer_encoder.mixers.*.mixer_layers.*.feature_mixer.mlp.fc1.bias, backbone.encoder.mlp_mixer_encoder.mixers.*.mixer_layers.*.patch_mixer.mlp.fc2.weight, decoder.decoder_block.mixers.*.feature_mixer.norm.norm.weight, decoder.decoder_block.mixers.*.feature_mixer.gating_block.attn_layer.bias, decoder.decoder_block.mixers.*.feature_mixer.norm.norm.bias, head.base_forecast_block.weight, backbone.encoder.mlp_mixer_encoder.mixers.*.mixer_layers.*.patch_mixer.mlp.fc1.bias, decoder.decoder_block.mixers.*.patch_mixer.mlp.fc2.bias, backbone.encoder.mlp_mixer_encoder.mixers.*.mixer_layers.*.feature_mixer.gating_block.attn_layer.bias, decoder.decoder_block.mixers.*.feature_mixer.mlp.fc1.bias, backbone.encoder.mlp_mixer_encoder.mixers.*.mixer_layers.*.patch_mixer.norm.norm.weight, decoder.decoder_block.mixers.*.feature_mixer.mlp.fc2.weight, backbone.encoder.mlp_mixer_encoder.mixers.*.mixer_layers.*.feature_mixer.mlp.fc1.weight, decoder.decoder_block.mixers.*.patch_mixer.gating_block.attn_layer.bias, decoder.decoder_block.mixers.*.patch_mixer.norm.norm.weight, backbone.encoder.freq_mod.*.bias, decoder.decoder_block.mixers.*.patch_mixer.gating_block.attn_layer.weight, backbone.encoder.mlp_mixer_encoder.mixers.*.mixer_layers.*.feature_mixer.norm.norm.weight, decoder.decoder_block.mixers.*.feature_mixer.mlp.fc1.weight, backbone.encoder.mlp_mixer_encoder.mixers.*.mixer_layers.*.feature_mixer.mlp.fc2.weight, backbone.encoder.patcher.bias, backbone.encoder.mlp_mixer_encoder.mixers.*.mixer_layers.*.feature_mixer.gating_block.attn_layer.weight, decoder.adapter.bias, backbone.encoder.mlp_mixer_encoder.mixers.*.mixer_layers.*.patch_mixer.gating_block.attn_layer.weight, decoder.decoder_block.mixers.*.patch_mixer.mlp.fc1.weight, backbone.encoder.freq_mod.*.weight, backbone.encoder.mlp_mixer_encoder.mixers.*.mixer_layers.*.feature_mixer.norm.norm.bias, backbone.encoder.mlp_mixer_encoder.mixers.*.mixer_layers.*.patch_mixer.norm.norm.bias, decoder.decoder_block.mixers.*.feature_mixer.mlp.fc2.bias, decoder.decoder_block.mixers.*.patch_mixer.mlp.fc2.weight, decoder.decoder_block.mixers.*.feature_mixer.gating_block.attn_layer.weight, backbone.encoder.mlp_mixer_encoder.mixers.*.mixer_layers.*.patch_mixer.mlp.fc2.bias
Loading weights:   0%|          | 0/139 [00:00<?, ?it/s]Loading weights: 100%|██████████| 139/139 [00:00<00:00, 5865.98it/s]
INFO:p-283776:t-140732740765664:get_model.py:get_model:Model loaded successfully from ibm-granite/granite-timeseries-ttm-r2, revision = 512-48-ft-r2.1.
INFO:p-283776:t-140732740765664:get_model.py:get_model:[TTM] context_length = 512, prediction_length = 48
[transformers] The following layers were not sharded: decoder.block.*.layer.*.DenseReluDense.wi.weight, encoder.block.*.layer.*.SelfAttention.relative_attention_bias.weight, decoder.block.*.layer.*.EncDecAttention.v.weight, decoder.block.*.layer.*.EncDecAttention.o.weight, encoder.embed_tokens.weight, output_patch_embedding.output_layer.bias, decoder.block.*.layer.*.SelfAttention.k.weight, shared.weight, decoder.block.*.layer.*.EncDecAttention.q.weight, encoder.block.*.layer.*.layer_norm.weight, input_patch_embedding.hidden_layer.bias, decoder.final_layer_norm.weight, input_patch_embedding.output_layer.weight, encoder.block.*.layer.*.SelfAttention.k.weight, output_patch_embedding.residual_layer.bias, output_patch_embedding.output_layer.weight, decoder.embed_tokens.weight, encoder.final_layer_norm.weight, decoder.block.*.layer.*.DenseReluDense.wo.weight, encoder.block.*.layer.*.DenseReluDense.wi.weight, decoder.block.*.layer.*.SelfAttention.v.weight, encoder.block.*.layer.*.SelfAttention.v.weight, decoder.block.*.layer.*.SelfAttention.q.weight, output_patch_embedding.residual_layer.weight, decoder.block.*.layer.*.layer_norm.weight, decoder.block.*.layer.*.SelfAttention.relative_attention_bias.weight, output_patch_embedding.hidden_layer.bias, output_patch_embedding.hidden_layer.weight, decoder.block.*.layer.*.EncDecAttention.k.weight, decoder.block.*.layer.*.SelfAttention.o.weight, input_patch_embedding.output_layer.bias, input_patch_embedding.residual_layer.bias, encoder.block.*.layer.*.SelfAttention.q.weight, encoder.block.*.layer.*.DenseReluDense.wo.weight, encoder.block.*.layer.*.SelfAttention.o.weight, input_patch_embedding.residual_layer.weight, input_patch_embedding.hidden_layer.weight
Loading weights:   0%|          | 0/101 [00:00<?, ?it/s]Loading weights: 100%|██████████| 101/101 [00:00<00:00, 6129.63it/s]
[transformers] The following layers were not sharded: decoder.block.*.layer.*.DenseReluDense.wi.weight, encoder.block.*.layer.*.SelfAttention.relative_attention_bias.weight, decoder.block.*.layer.*.EncDecAttention.v.weight, decoder.block.*.layer.*.EncDecAttention.o.weight, encoder.embed_tokens.weight, output_patch_embedding.output_layer.bias, decoder.block.*.layer.*.SelfAttention.k.weight, shared.weight, decoder.block.*.layer.*.EncDecAttention.q.weight, encoder.block.*.layer.*.layer_norm.weight, input_patch_embedding.hidden_layer.bias, decoder.final_layer_norm.weight, input_patch_embedding.output_layer.weight, encoder.block.*.layer.*.SelfAttention.k.weight, output_patch_embedding.residual_layer.bias, output_patch_embedding.output_layer.weight, decoder.embed_tokens.weight, encoder.final_layer_norm.weight, decoder.block.*.layer.*.DenseReluDense.wo.weight, encoder.block.*.layer.*.DenseReluDense.wi.weight, decoder.block.*.layer.*.SelfAttention.v.weight, encoder.block.*.layer.*.SelfAttention.v.weight, decoder.block.*.layer.*.SelfAttention.q.weight, output_patch_embedding.residual_layer.weight, decoder.block.*.layer.*.layer_norm.weight, decoder.block.*.layer.*.SelfAttention.relative_attention_bias.weight, output_patch_embedding.hidden_layer.bias, output_patch_embedding.hidden_layer.weight, decoder.block.*.layer.*.EncDecAttention.k.weight, decoder.block.*.layer.*.SelfAttention.o.weight, input_patch_embedding.output_layer.bias, input_patch_embedding.residual_layer.bias, encoder.block.*.layer.*.SelfAttention.q.weight, encoder.block.*.layer.*.DenseReluDense.wo.weight, encoder.block.*.layer.*.SelfAttention.o.weight, input_patch_embedding.residual_layer.weight, input_patch_embedding.hidden_layer.weight
Loading weights:   0%|          | 0/143 [00:00<?, ?it/s]Loading weights: 100%|██████████| 143/143 [00:00<00:00, 5921.94it/s]

snapshot_0909 / air_temp
------------------------------------------------------------------------------
evaluation level: 24.74 (above, frozen)
                              mae   rmse       ms  windows  skill  events  recall  precision  false_alarm  cross_err_min
model                                                                                                                   
chronos:chronos-bolt-small  0.244  0.291  124.661      475  0.246    21.0   0.143      0.750        0.002         16.667
chronos:chronos-bolt-tiny   0.253  0.301   34.758      475  0.218    21.0   0.095      1.000        0.000         20.000
ttm                         0.292  0.344   11.600      475  0.098    21.0   0.000        NaN        0.000            NaN
persistence                 0.324  0.379    0.014      475  0.000    21.0   0.000        NaN        0.000            NaN
seasonal_naive(288)         1.059  1.091    0.016      475 -2.269    21.0   0.286      0.115        0.107         54.167

snapshot_0909 / air_humidity
------------------------------------------------------------------------------
evaluation level: 62.46 (above, frozen)
                              mae   rmse       ms  windows  skill  events  recall  precision  false_alarm  cross_err_min
model                                                                                                                   
persistence                 1.781  2.087    0.014      475  0.000    54.0   0.000        NaN        0.000            NaN
ttm                         1.815  2.106   10.531      475 -0.019    54.0   0.111      0.545        0.017         20.833
chronos:chronos-bolt-tiny   1.871  2.184   33.284      475 -0.050    54.0   0.167      0.600        0.020         63.889
chronos:chronos-bolt-small  1.877  2.194  121.919      475 -0.054    54.0   0.185      0.667        0.017         43.500
seasonal_naive(288)         6.072  6.355    0.016      475 -2.409    54.0   0.519      0.269        0.255         61.071

snapshot_0909 / par
------------------------------------------------------------------------------
                              mae   rmse       ms  windows  skill
model                                                            
chronos:chronos-bolt-small  0.210  0.256  124.871      475  0.309
chronos:chronos-bolt-tiny   0.214  0.259   34.901      475  0.298
persistence                 0.304  0.361    0.014      475  0.000
ttm                         0.307  0.362   11.385      475 -0.010
seasonal_naive(288)         0.324  0.390    0.017      475 -0.065

snapshot_0909 / co2
------------------------------------------------------------------------------
                               mae    rmse       ms  windows  skill
model                                                              
persistence                 27.216  32.037    0.014      475  0.000
ttm                         27.729  32.146   10.688      475 -0.019
chronos:chronos-bolt-tiny   28.736  33.859   33.969      475 -0.056
chronos:chronos-bolt-small  28.843  34.015  123.124      475 -0.060
seasonal_naive(288)         57.179  63.623    0.017      475 -1.101
[transformers] The following layers were not sharded: decoder.block.*.layer.*.DenseReluDense.wi.weight, encoder.block.*.layer.*.SelfAttention.relative_attention_bias.weight, decoder.block.*.layer.*.EncDecAttention.v.weight, decoder.block.*.layer.*.EncDecAttention.o.weight, encoder.embed_tokens.weight, output_patch_embedding.output_layer.bias, decoder.block.*.layer.*.SelfAttention.k.weight, shared.weight, decoder.block.*.layer.*.EncDecAttention.q.weight, encoder.block.*.layer.*.layer_norm.weight, input_patch_embedding.hidden_layer.bias, decoder.final_layer_norm.weight, input_patch_embedding.output_layer.weight, encoder.block.*.layer.*.SelfAttention.k.weight, output_patch_embedding.residual_layer.bias, output_patch_embedding.output_layer.weight, decoder.embed_tokens.weight, encoder.final_layer_norm.weight, decoder.block.*.layer.*.DenseReluDense.wo.weight, encoder.block.*.layer.*.DenseReluDense.wi.weight, decoder.block.*.layer.*.SelfAttention.v.weight, encoder.block.*.layer.*.SelfAttention.v.weight, decoder.block.*.layer.*.SelfAttention.q.weight, output_patch_embedding.residual_layer.weight, decoder.block.*.layer.*.layer_norm.weight, decoder.block.*.layer.*.SelfAttention.relative_attention_bias.weight, output_patch_embedding.hidden_layer.bias, output_patch_embedding.hidden_layer.weight, decoder.block.*.layer.*.EncDecAttention.k.weight, decoder.block.*.layer.*.SelfAttention.o.weight, input_patch_embedding.output_layer.bias, input_patch_embedding.residual_layer.bias, encoder.block.*.layer.*.SelfAttention.q.weight, encoder.block.*.layer.*.DenseReluDense.wo.weight, encoder.block.*.layer.*.SelfAttention.o.weight, input_patch_embedding.residual_layer.weight, input_patch_embedding.hidden_layer.weight
Loading weights:   0%|          | 0/101 [00:00<?, ?it/s]Loading weights: 100%|██████████| 101/101 [00:00<00:00, 6000.09it/s]

snapshot_0909 / soil_vwc
------------------------------------------------------------------------------
evaluation level: 46.15 (below, frozen)
                                                          mae   rmse       ms  windows   skill  events  recall  precision  false_alarm  cross_err_min
model                                                                                                                                                
driven_drying(vpd+level)                                0.535  0.646    0.135      475   0.214    12.0   0.833      1.000        0.000         22.500
ensemble(driven_drying(vpd)+chronos:chronos-bolt-tiny)  0.541  0.647   33.578      475   0.206    12.0   1.000      0.923        0.003         32.083
driven_drying(vpd)                                      0.548  0.660    0.223      475   0.196    12.0   0.917      0.846        0.006         16.818
chronos:chronos-bolt-tiny                               0.583  0.690   33.575      475   0.144    12.0   0.917      0.917        0.003         46.364
chronos:chronos-bolt-small                              0.594  0.702  121.967      475   0.128    12.0   0.917      0.917        0.003         35.000
persistence                                             0.681  0.813    0.011      475   0.000    12.0   0.000        NaN        0.000            NaN
driven_drying(vpd+par)                                  0.730  0.869    0.107      475  -0.071    12.0   0.917      0.846        0.006         20.909
ttm                                                     0.928  1.083   10.509      475  -0.362    12.0   0.333      1.000        0.000         23.750
seasonal_naive(288)                                     7.701  7.772    0.016      475 -10.301    12.0   0.000      0.000        0.187            NaN

snapshot_0909 / soil_temp
------------------------------------------------------------------------------
evaluation level: 18.20 (below, frozen)
                              mae   rmse       ms  windows  skill  events  recall  precision  false_alarm  cross_err_min
model                                                                                                                   
chronos:chronos-bolt-small  0.133  0.157  123.656      475  0.253     6.0   0.500      1.000        0.000         23.333
chronos:chronos-bolt-tiny   0.139  0.165   34.161      475  0.217     6.0   0.500      0.600        0.005         13.333
ttm                         0.171  0.199   10.768      475  0.041     6.0   0.167      0.500        0.002         20.000
persistence                 0.178  0.208    0.014      475  0.000     6.0   0.000        NaN        0.000            NaN
seasonal_naive(288)         1.044  1.055    0.016      475 -4.865     6.0   0.167      0.056        0.038        115.000

snapshot_0909 / ec
------------------------------------------------------------------------------
evaluation level: 0.23 (above, frozen)
                              mae   rmse       ms  windows  skill  events  recall  precision  false_alarm  cross_err_min
model                                                                                                                   
persistence                 0.002  0.002    0.015      475  0.000     3.0     0.0        NaN        0.000            NaN
chronos:chronos-bolt-tiny   0.002  0.002   34.437      475 -0.039     3.0     0.0        NaN        0.000            NaN
chronos:chronos-bolt-small  0.002  0.002  124.197      475 -0.080     3.0     0.0        NaN        0.000            NaN
ttm                         0.002  0.002   10.886      475 -0.257     3.0     0.0        NaN        0.000            NaN
seasonal_naive(288)         0.015  0.015    0.016      475 -8.398     3.0     0.0        0.0        0.053            NaN

==============================================================================
  mugrow - 19401 points, 7 channels
==============================================================================

mugrow / air_temp
------------------------------------------------------------------------------
evaluation level: 24.30 (above, p85)
                              mae   rmse       ms  windows  skill  events  recall  precision  false_alarm  cross_err_min
model                                                                                                                   
chronos:chronos-bolt-small  0.694  0.815  122.191     1590  0.290   188.0   0.431      0.835        0.014         22.716
chronos:chronos-bolt-tiny   0.734  0.861   33.674     1590  0.249   188.0   0.378      0.835        0.012         26.479
ttm                         0.941  1.098   10.643     1590  0.037   188.0   0.106      0.606        0.011         41.750
persistence                 0.977  1.144    0.014     1590  0.000   188.0   0.000        NaN        0.000            NaN
seasonal_naive(288)         1.337  1.434    0.016     1590 -0.368   188.0   0.755      0.559        0.095         33.803

mugrow / air_humidity
------------------------------------------------------------------------------
evaluation level: 84.90 (above, p85)
                              mae   rmse       ms  windows  skill  events  recall  precision  false_alarm  cross_err_min
model                                                                                                                   
chronos:chronos-bolt-small  3.128  3.678  122.499     1590  0.117   203.0   0.266      0.771        0.014         29.352
chronos:chronos-bolt-tiny   3.185  3.744   33.849     1590  0.100   203.0   0.276      0.812        0.011         29.464
ttm                         3.367  3.943   10.802     1590  0.049   203.0   0.113      0.742        0.007         38.478
persistence                 3.541  4.156    0.014     1590  0.000   203.0   0.000        NaN        0.000            NaN
seasonal_naive(288)         4.552  5.063    0.016     1590 -0.285   203.0   0.606      0.468        0.122         41.667

mugrow / par
------------------------------------------------------------------------------
                               mae    rmse       ms  windows  skill
model                                                              
seasonal_naive(288)         33.737  45.024    0.017     1590  0.424
chronos:chronos-bolt-tiny   51.497  62.698   34.061     1590  0.121
chronos:chronos-bolt-small  51.968  64.055  123.721     1590  0.113
persistence                 58.612  73.105    0.014     1590  0.000
ttm                         59.384  72.856   10.865     1590 -0.013

mugrow / co2
------------------------------------------------------------------------------
                               mae    rmse       ms  windows  skill
model                                                              
chronos:chronos-bolt-small  37.473  46.229  123.675     1590  0.152
chronos:chronos-bolt-tiny   38.840  47.571   34.140     1590  0.121
ttm                         41.579  50.076   10.721     1590  0.059
persistence                 44.207  53.235    0.014     1590  0.000
seasonal_naive(288)         49.675  59.968    0.017     1590 -0.124

mugrow / soil_fc
------------------------------------------------------------------------------
evaluation level: 78.96 (below, p15)
                                                          mae   rmse       ms  windows  skill  events  recall  precision  false_alarm  cross_err_min
model                                                                                                                                               
chronos:chronos-bolt-tiny                               0.859  1.039   33.897     1590  0.251   100.0    0.61      0.792        0.013         33.443
chronos:chronos-bolt-small                              0.875  1.054  120.679     1590  0.237   100.0    0.58      0.892        0.006         25.431
ensemble(driven_drying(vpd)+chronos:chronos-bolt-tiny)  0.893  1.076   33.409     1590  0.221   100.0    0.44      0.936        0.002         28.182
driven_drying(vpd)                                      1.015  1.205    0.223     1590  0.115   100.0    0.26      0.788        0.006         25.769
driven_drying(vpd+level)                                1.059  1.251    0.135     1590  0.076   100.0    0.06      1.000        0.000         40.833
ttm                                                     1.059  1.258   10.431     1590  0.076   100.0    0.32      0.941        0.002         31.562
driven_drying(vpd+par)                                  1.095  1.299    0.108     1590  0.045   100.0    0.16      0.889        0.002         29.062
persistence                                             1.147  1.354    0.011     1590  0.000   100.0    0.00        NaN        0.000            NaN
seasonal_naive(288)                                     1.945  2.029    0.016     1590 -0.696   100.0    0.59      0.396        0.072         62.119

mugrow / soil_temp
------------------------------------------------------------------------------
evaluation level: 18.70 (below, p15)
                              mae   rmse       ms  windows  skill  events  recall  precision  false_alarm  cross_err_min
model                                                                                                                   
chronos:chronos-bolt-small  0.305  0.369  122.497     1590  0.478   100.0    0.54      0.600        0.029         16.667
chronos:chronos-bolt-tiny   0.318  0.383   33.600     1590  0.456   100.0    0.55      0.598        0.030         16.455
ttm                         0.512  0.599   10.575     1590  0.123   100.0    0.05      0.833        0.001         52.000
persistence                 0.584  0.676    0.014     1590  0.000   100.0    0.00        NaN        0.000            NaN
seasonal_naive(288)         1.036  1.067    0.016     1590 -0.774   100.0    0.40      0.191        0.136         61.125

mugrow / ec
------------------------------------------------------------------------------
evaluation level: 3.52 (above, p85)
                              mae   rmse       ms  windows  skill  events  recall  precision  false_alarm  cross_err_min
model                                                                                                                   
chronos:chronos-bolt-tiny   0.015  0.021   34.516     1590  0.022   114.0   0.079      0.900        0.001          6.111
chronos:chronos-bolt-small  0.015  0.021  124.994     1590  0.020   114.0   0.070      0.800        0.002         29.375
persistence                 0.015  0.022    0.014     1590  0.000   114.0   0.000        NaN        0.000            NaN
ttm                         0.015  0.022   10.979     1590 -0.016   114.0   0.105      0.857        0.002         21.250
seasonal_naive(288)         0.067  0.073    0.017     1590 -3.428   114.0   0.395      0.372        0.060         46.778

==============================================================================
  agrifusion - 21941 points, 7 channels
==============================================================================

agrifusion / air_temp
------------------------------------------------------------------------------
evaluation level: 22.80 (above, p85)
                              mae   rmse       ms  windows  skill  events  recall  precision  false_alarm  cross_err_min
model                                                                                                                   
chronos:chronos-bolt-small  0.528  0.619  122.841     1802  0.332   227.0   0.374      0.802        0.016         27.059
chronos:chronos-bolt-tiny   0.577  0.677   33.585     1802  0.270   227.0   0.304      0.821        0.011         25.145
ttm                         0.750  0.874   10.615     1802  0.052   227.0   0.123      0.875        0.003         29.286
seasonal_naive(288)         0.762  0.846    0.016     1802  0.037   227.0   0.705      0.542        0.102         30.719
persistence                 0.791  0.927    0.014     1802  0.000   227.0   0.000        NaN        0.000            NaN

agrifusion / air_humidity
------------------------------------------------------------------------------
evaluation level: 91.00 (above, p85)
                              mae   rmse       ms  windows  skill  events  recall  precision  false_alarm  cross_err_min
model                                                                                                                   
chronos:chronos-bolt-small  2.512  2.968  121.884     1802  0.098   230.0   0.183      0.689        0.015         35.119
chronos:chronos-bolt-tiny   2.566  3.025   33.169     1802  0.078   230.0   0.213      0.710        0.015         31.020
ttm                         2.702  3.171   10.452     1802  0.029   230.0   0.126      0.707        0.009         54.138
persistence                 2.784  3.282    0.014     1802  0.000   230.0   0.000        NaN        0.000            NaN
seasonal_naive(288)         3.473  3.883    0.016     1802 -0.248   230.0   0.491      0.360        0.154         59.071

agrifusion / par
------------------------------------------------------------------------------
                               mae    rmse       ms  windows  skill
model                                                              
seasonal_naive(288)         31.223  43.773    0.017     1802  0.400
chronos:chronos-bolt-small  43.767  55.129  124.304     1802  0.159
chronos:chronos-bolt-tiny   44.314  55.382   34.417     1802  0.149
persistence                 52.053  64.483    0.014     1802  0.000
ttm                         54.577  65.999   11.097     1802 -0.048

agrifusion / co2
------------------------------------------------------------------------------
                               mae    rmse       ms  windows  skill
model                                                              
seasonal_naive(288)         46.135  55.646    0.017     1802  0.269
chronos:chronos-bolt-small  52.078  63.806  122.116     1802  0.175
chronos:chronos-bolt-tiny   55.599  67.436   33.560     1802  0.119
ttm                         59.604  71.895   10.555     1802  0.055
persistence                 63.093  75.892    0.014     1802  0.000

agrifusion / soil_fc
------------------------------------------------------------------------------
evaluation level: 82.04 (below, p15)
                                                          mae   rmse       ms  windows  skill  events  recall  precision  false_alarm  cross_err_min
model                                                                                                                                               
driven_drying(vpd+level)                                0.938  1.106    0.142     1802  0.056   108.0   0.250      1.000        0.000         34.444
ensemble(driven_drying(vpd)+chronos:chronos-bolt-tiny)  0.949  1.122   34.046     1802  0.045   108.0   0.324      0.921        0.002         39.571
ttm                                                     0.953  1.115   10.630     1802  0.042   108.0   0.352      0.864        0.004         27.763
chronos:chronos-bolt-tiny                               0.956  1.133   34.279     1802  0.038   108.0   0.426      0.821        0.007         31.087
chronos:chronos-bolt-small                              0.966  1.149  123.062     1802  0.028   108.0   0.500      0.771        0.011         31.574
driven_drying(vpd+par)                                  0.976  1.157    0.112     1802  0.018   108.0   0.333      0.818        0.006         53.194
driven_drying(vpd)                                      0.992  1.172    0.229     1802  0.002   108.0   0.157      0.810        0.003         31.176
persistence                                             0.994  1.171    0.012     1802  0.000   108.0   0.000        NaN        0.000            NaN
seasonal_naive(288)                                     1.425  1.573    0.016     1802 -0.434   108.0   0.806      0.669        0.030         54.195

agrifusion / soil_temp
------------------------------------------------------------------------------
evaluation level: 18.38 (below, p15)
                              mae   rmse       ms  windows  skill  events  recall  precision  false_alarm  cross_err_min
model                                                                                                                   
chronos:chronos-bolt-small  0.295  0.352  121.540     1802  0.505   141.0   0.688      0.693        0.031         18.608
chronos:chronos-bolt-tiny   0.309  0.369   33.273     1802  0.482   141.0   0.723      0.729        0.027         16.324
ttm                         0.492  0.577   10.488     1802  0.174   141.0   0.057      1.000        0.000         21.250
persistence                 0.596  0.690    0.014     1802  0.000   141.0   0.000        NaN        0.000            NaN
seasonal_naive(288)         0.707  0.735    0.016     1802 -0.186   141.0   0.660      0.525        0.060         39.892

agrifusion / ec
------------------------------------------------------------------------------
evaluation level: 3.14 (above, p85)
                              mae   rmse       ms  windows  skill  events  recall  precision  false_alarm  cross_err_min
model                                                                                                                   
chronos:chronos-bolt-tiny   0.033  0.041   33.116     1802  0.035    92.0   0.163      0.750        0.003         28.000
chronos:chronos-bolt-small  0.033  0.041  121.601     1802  0.027    92.0   0.163      0.789        0.003         25.000
ttm                         0.034  0.042   10.488     1802  0.016    92.0   0.098      0.900        0.001         76.111
persistence                 0.034  0.042    0.014     1802  0.000    92.0   0.000        NaN        0.000            NaN
seasonal_naive(288)         0.068  0.076    0.016     1802 -0.998    92.0   0.446      0.390        0.044         33.171

written: results/benchmark_snapshot_0909_mugrow_agrifusion.csv
